<html>
<body>
<pre>
<h1>µVision Build Log</h1>
<h2>Project:</h2>
C:\Keil Projects\function\func.uvproj
Project File Date:  05/10/2018

<h2>Output:</h2>
assembling func.s...
func.s(1): error: A1163E: Unknown opcode N , expecting opcode or Macro
func.s - 1 Error(s), 0 Warning(s).
assembling func.s...
func.s(31): warning: A1608W: MOV pc,<rn> instruction used, but BX <rn> is preferred
func.s - 0 Error(s), 1 Warning(s).
Build target 'Target 1'
assembling Startup.s...
linking...
Program Size: Code=108 RO-data=0 RW-data=4 ZI-data=0  
"func.axf" - 0 Error(s), 0 Warning(s).
Build target 'Target 1'
assembling Startup.s...
assembling func.s...
func.s(31): warning: A1608W: MOV pc,<rn> instruction used, but BX <rn> is preferred
linking...
Program Size: Code=108 RO-data=0 RW-data=4 ZI-data=0  
"func.axf" - 0 Error(s), 1 Warning(s).
assembling func.s...
func.s(31): warning: A1608W: MOV pc,<rn> instruction used, but BX <rn> is preferred
func.s - 0 Error(s), 1 Warning(s).
Build target 'Target 1'
linking...
Program Size: Code=108 RO-data=0 RW-data=4 ZI-data=0  
"func.axf" - 0 Error(s), 0 Warning(s).
Build target 'Target 1'
assembling Startup.s...
assembling func.s...
func.s(31): warning: A1608W: MOV pc,<rn> instruction used, but BX <rn> is preferred
linking...
Program Size: Code=108 RO-data=0 RW-data=4 ZI-data=0  
"func.axf" - 0 Error(s), 1 Warning(s).
assembling func.s...
func.s(31): warning: A1608W: MOV pc,<rn> instruction used, but BX <rn> is preferred
func.s - 0 Error(s), 1 Warning(s).
Build target 'Target 1'
linking...
Program Size: Code=112 RO-data=0 RW-data=4 ZI-data=0  
"func.axf" - 0 Error(s), 0 Warning(s).
Build target 'Target 1'
assembling Startup.s...
assembling func.s...
func.s(31): warning: A1608W: MOV pc,<rn> instruction used, but BX <rn> is preferred
linking...
Program Size: Code=112 RO-data=0 RW-data=4 ZI-data=0  
"func.axf" - 0 Error(s), 1 Warning(s).
